// Jest Snapshot v1, https://goo.gl/fbAQLP

exports[`<Levels /> matches snapshot 1`] = `
<View
  style={
    Object {
      "borderRadius": 5,
      "display": "flex",
      "height": "100%",
      "marginTop": 20,
      "padding": 10,
    }
  }
>
  <RCTScrollView
    showsVerticalScrollIndicator={false}
    style={
      Object {
        "display": "flex",
        "flexDirection": "column",
        "flexWrap": "wrap",
      }
    }
  >
    <View>
      <View
        style={
          Array [
            undefined,
            Object {
              "opacity": 1,
              "transform": Array [
                Object {
                  "translateX": 0,
                },
                Object {
                  "scale": mockConstructor {},
                },
              ],
            },
          ]
        }
      >
        <View
          accessible={true}
          focusable={true}
          onClick={[Function]}
          onResponderGrant={[Function]}
          onResponderMove={[Function]}
          onResponderRelease={[Function]}
          onResponderTerminate={[Function]}
          onResponderTerminationRequest={[Function]}
          onStartShouldSetResponder={[Function]}
          style={
            Object {
              "opacity": 1,
            }
          }
        >
          <ViewManagerAdapter_ExpoLinearGradient
            proxiedProperties={
              Object {
                "colors": Array [
                  4294177779,
                  4293125091,
                ],
                "endPoint": undefined,
                "locations": Array [
                  0.5,
                  0.5,
                ],
                "startPoint": Array [
                  -0.1,
                  0.1,
                ],
              }
            }
            style={
              Object {
                "alignItems": "center",
                "backgroundColor": "#E3E3E3",
                "borderRadius": 5,
                "display": "flex",
                "height": 267,
                "justifyContent": "center",
                "margin": 20,
                "shadowColor": "#000",
                "shadowOffset": Object {
                  "height": 2,
                  "width": 2,
                },
                "shadowOpacity": 0.1,
                "shadowRadius": 4,
                "width": 600,
              }
            }
          >
            <ViewManagerAdapter_ExpoLinearGradient
              proxiedProperties={
                Object {
                  "colors": Array [
                    4282711882,
                    4280928549,
                  ],
                  "endPoint": undefined,
                  "locations": undefined,
                  "startPoint": Array [
                    -0.25,
                    0.25,
                  ],
                }
              }
              style={
                Object {
                  "alignItems": "center",
                  "backgroundColor": "black",
                  "borderRadius": 94,
                  "bottom": "22%",
                  "display": "flex",
                  "height": 187.5,
                  "justifyContent": "center",
                  "left": "8%",
                  "position": "absolute",
                  "width": 187.5,
                }
              }
            >
              <Text
                style={
                  Object {
                    "color": "white",
                    "fontFamily": "Raleway_700Bold",
                    "fontSize": 66.5,
                  }
                }
              >
                1
              </Text>
            </ViewManagerAdapter_ExpoLinearGradient>
            <View
              style={
                Object {
                  "bottom": "35%",
                  "left": "40%",
                  "position": "absolute",
                }
              }
            >
              <Text
                style={
                  Object {
                    "fontFamily": "Raleway_700Bold",
                    "fontSize": 40,
                  }
                }
              >
                FORTY
              </Text>
              <Text
                style={
                  Object {
                    "fontFamily": "Raleway_700Bold",
                    "fontSize": 40,
                  }
                }
              >
                FIFTY
              </Text>
            </View>
            <View
              style={
                Array [
                  Object {
                    "borderBottomLeftRadius": 0,
                    "borderBottomRightRadius": 0,
                    "borderRadius": 187.5,
                    "borderTopRightRadius": 0,
                    "bottom": -187.5,
                    "height": 375,
                    "position": "absolute",
                    "right": -187.5,
                    "width": 375,
                  },
                  Object {
                    "backgroundColor": "#29C925",
                  },
                ]
              }
            />
            <View
              style={
                Object {
                  "bottom": "8%",
                  "display": "flex",
                  "flexDirection": "row",
                  "left": "11%",
                  "position": "absolute",
                }
              }
            >
              <Image
                source={1}
                style={
                  Object {
                    "height": 37.5,
                    "marginLeft": "3%",
                    "marginRight": "3%",
                    "width": 37.5,
                  }
                }
              />
              <Image
                source={1}
                style={
                  Object {
                    "height": 37.5,
                    "marginLeft": "3%",
                    "marginRight": "3%",
                    "width": 37.5,
                  }
                }
              />
              <Image
                source={1}
                style={
                  Object {
                    "height": 37.5,
                    "marginLeft": "3%",
                    "marginRight": "3%",
                    "width": 37.5,
                  }
                }
              />
            </View>
          </ViewManagerAdapter_ExpoLinearGradient>
        </View>
      </View>
      <View
        style={
          Array [
            undefined,
            Object {
              "opacity": 1,
              "transform": Array [
                Object {
                  "translateX": 0,
                },
                Object {
                  "scale": mockConstructor {},
                },
              ],
            },
          ]
        }
      >
        <View
          accessible={true}
          focusable={true}
          onClick={[Function]}
          onResponderGrant={[Function]}
          onResponderMove={[Function]}
          onResponderRelease={[Function]}
          onResponderTerminate={[Function]}
          onResponderTerminationRequest={[Function]}
          onStartShouldSetResponder={[Function]}
          style={
            Object {
              "opacity": 1,
            }
          }
        >
          <ViewManagerAdapter_ExpoLinearGradient
            proxiedProperties={
              Object {
                "colors": Array [
                  4294177779,
                  4293125091,
                ],
                "endPoint": undefined,
                "locations": Array [
                  0.5,
                  0.5,
                ],
                "startPoint": Array [
                  -0.1,
                  0.1,
                ],
              }
            }
            style={
              Object {
                "alignItems": "center",
                "backgroundColor": "#E3E3E3",
                "borderRadius": 5,
                "display": "flex",
                "height": 267,
                "justifyContent": "center",
                "margin": 20,
                "shadowColor": "#000",
                "shadowOffset": Object {
                  "height": 2,
                  "width": 2,
                },
                "shadowOpacity": 0.1,
                "shadowRadius": 4,
                "width": 600,
              }
            }
          >
            <ViewManagerAdapter_ExpoLinearGradient
              proxiedProperties={
                Object {
                  "colors": Array [
                    4282711882,
                    4280928549,
                  ],
                  "endPoint": undefined,
                  "locations": undefined,
                  "startPoint": Array [
                    -0.25,
                    0.25,
                  ],
                }
              }
              style={
                Object {
                  "alignItems": "center",
                  "backgroundColor": "black",
                  "borderRadius": 94,
                  "bottom": "22%",
                  "display": "flex",
                  "height": 187.5,
                  "justifyContent": "center",
                  "left": "8%",
                  "position": "absolute",
                  "width": 187.5,
                }
              }
            >
              <Text
                style={
                  Object {
                    "color": "white",
                    "fontFamily": "Raleway_700Bold",
                    "fontSize": 66.5,
                  }
                }
              >
                2
              </Text>
            </ViewManagerAdapter_ExpoLinearGradient>
            <View
              style={
                Object {
                  "bottom": "35%",
                  "left": "40%",
                  "position": "absolute",
                }
              }
            >
              <Text
                style={
                  Object {
                    "fontFamily": "Raleway_700Bold",
                    "fontSize": 40,
                  }
                }
              >
                SICK
              </Text>
              <Text
                style={
                  Object {
                    "fontFamily": "Raleway_700Bold",
                    "fontSize": 40,
                  }
                }
              >
                WELL
              </Text>
            </View>
            <View
              style={
                Array [
                  Object {
                    "borderBottomLeftRadius": 0,
                    "borderBottomRightRadius": 0,
                    "borderRadius": 187.5,
                    "borderTopRightRadius": 0,
                    "bottom": -187.5,
                    "height": 375,
                    "position": "absolute",
                    "right": -187.5,
                    "width": 375,
                  },
                  Object {
                    "backgroundColor": "#29C925",
                  },
                ]
              }
            />
            <View
              style={
                Object {
                  "bottom": "8%",
                  "display": "flex",
                  "flexDirection": "row",
                  "left": "11%",
                  "position": "absolute",
                }
              }
            >
              <Image
                source={1}
                style={
                  Object {
                    "height": 37.5,
                    "marginLeft": "3%",
                    "marginRight": "3%",
                    "width": 37.5,
                  }
                }
              />
              <Image
                source={1}
                style={
                  Object {
                    "height": 37.5,
                    "marginLeft": "3%",
                    "marginRight": "3%",
                    "width": 37.5,
                  }
                }
              />
              <Image
                source={1}
                style={
                  Object {
                    "height": 37.5,
                    "marginLeft": "3%",
                    "marginRight": "3%",
                    "width": 37.5,
                  }
                }
              />
            </View>
          </ViewManagerAdapter_ExpoLinearGradient>
        </View>
      </View>
      <View
        style={
          Array [
            undefined,
            Object {
              "opacity": 1,
              "transform": Array [
                Object {
                  "translateX": 0,
                },
                Object {
                  "scale": mockConstructor {},
                },
              ],
            },
          ]
        }
      >
        <View
          accessible={true}
          focusable={true}
          onClick={[Function]}
          onResponderGrant={[Function]}
          onResponderMove={[Function]}
          onResponderRelease={[Function]}
          onResponderTerminate={[Function]}
          onResponderTerminationRequest={[Function]}
          onStartShouldSetResponder={[Function]}
          style={
            Object {
              "opacity": 1,
            }
          }
        >
          <ViewManagerAdapter_ExpoLinearGradient
            proxiedProperties={
              Object {
                "colors": Array [
                  4294177779,
                  4293125091,
                ],
                "endPoint": undefined,
                "locations": Array [
                  0.5,
                  0.5,
                ],
                "startPoint": Array [
                  -0.1,
                  0.1,
                ],
              }
            }
            style={
              Object {
                "alignItems": "center",
                "backgroundColor": "#E3E3E3",
                "borderRadius": 5,
                "display": "flex",
                "height": 267,
                "justifyContent": "center",
                "margin": 20,
                "shadowColor": "#000",
                "shadowOffset": Object {
                  "height": 2,
                  "width": 2,
                },
                "shadowOpacity": 0.1,
                "shadowRadius": 4,
                "width": 600,
              }
            }
          >
            <ViewManagerAdapter_ExpoLinearGradient
              proxiedProperties={
                Object {
                  "colors": Array [
                    4282711882,
                    4280928549,
                  ],
                  "endPoint": undefined,
                  "locations": undefined,
                  "startPoint": Array [
                    -0.25,
                    0.25,
                  ],
                }
              }
              style={
                Object {
                  "alignItems": "center",
                  "backgroundColor": "black",
                  "borderRadius": 94,
                  "bottom": "22%",
                  "display": "flex",
                  "height": 187.5,
                  "justifyContent": "center",
                  "left": "8%",
                  "position": "absolute",
                  "width": 187.5,
                }
              }
            >
              <Text
                style={
                  Object {
                    "color": "white",
                    "fontFamily": "Raleway_700Bold",
                    "fontSize": 66.5,
                  }
                }
              >
                3
              </Text>
            </ViewManagerAdapter_ExpoLinearGradient>
            <View
              style={
                Object {
                  "bottom": "35%",
                  "left": "40%",
                  "position": "absolute",
                }
              }
            >
              <Text
                style={
                  Object {
                    "fontFamily": "Raleway_700Bold",
                    "fontSize": 40,
                  }
                }
              >
                RICH
              </Text>
              <Text
                style={
                  Object {
                    "fontFamily": "Raleway_700Bold",
                    "fontSize": 40,
                  }
                }
              >
                POOR
              </Text>
            </View>
            <View
              style={
                Array [
                  Object {
                    "borderBottomLeftRadius": 0,
                    "borderBottomRightRadius": 0,
                    "borderRadius": 187.5,
                    "borderTopRightRadius": 0,
                    "bottom": -187.5,
                    "height": 375,
                    "position": "absolute",
                    "right": -187.5,
                    "width": 375,
                  },
                  Object {
                    "backgroundColor": "#29C925",
                  },
                ]
              }
            />
            <View
              style={
                Object {
                  "bottom": "8%",
                  "display": "flex",
                  "flexDirection": "row",
                  "left": "11%",
                  "position": "absolute",
                }
              }
            >
              <Image
                source={1}
                style={
                  Object {
                    "height": 37.5,
                    "marginLeft": "3%",
                    "marginRight": "3%",
                    "width": 37.5,
                  }
                }
              />
              <Image
                source={1}
                style={
                  Object {
                    "height": 37.5,
                    "marginLeft": "3%",
                    "marginRight": "3%",
                    "width": 37.5,
                  }
                }
              />
              <Image
                source={1}
                style={
                  Object {
                    "height": 37.5,
                    "marginLeft": "3%",
                    "marginRight": "3%",
                    "width": 37.5,
                  }
                }
              />
            </View>
          </ViewManagerAdapter_ExpoLinearGradient>
        </View>
      </View>
      <View
        style={
          Array [
            undefined,
            Object {
              "opacity": 1,
              "transform": Array [
                Object {
                  "translateX": 0,
                },
                Object {
                  "scale": mockConstructor {},
                },
              ],
            },
          ]
        }
      >
        <View
          accessible={true}
          focusable={true}
          onClick={[Function]}
          onResponderGrant={[Function]}
          onResponderMove={[Function]}
          onResponderRelease={[Function]}
          onResponderTerminate={[Function]}
          onResponderTerminationRequest={[Function]}
          onStartShouldSetResponder={[Function]}
          style={
            Object {
              "opacity": 1,
            }
          }
        >
          <ViewManagerAdapter_ExpoLinearGradient
            proxiedProperties={
              Object {
                "colors": Array [
                  4294177779,
                  4293125091,
                ],
                "endPoint": undefined,
                "locations": Array [
                  0.5,
                  0.5,
                ],
                "startPoint": Array [
                  -0.1,
                  0.1,
                ],
              }
            }
            style={
              Object {
                "alignItems": "center",
                "backgroundColor": "#E3E3E3",
                "borderRadius": 5,
                "display": "flex",
                "height": 267,
                "justifyContent": "center",
                "margin": 20,
                "shadowColor": "#000",
                "shadowOffset": Object {
                  "height": 2,
                  "width": 2,
                },
                "shadowOpacity": 0.1,
                "shadowRadius": 4,
                "width": 600,
              }
            }
          >
            <ViewManagerAdapter_ExpoLinearGradient
              proxiedProperties={
                Object {
                  "colors": Array [
                    4282711882,
                    4280928549,
                  ],
                  "endPoint": undefined,
                  "locations": undefined,
                  "startPoint": Array [
                    -0.25,
                    0.25,
                  ],
                }
              }
              style={
                Object {
                  "alignItems": "center",
                  "backgroundColor": "black",
                  "borderRadius": 94,
                  "bottom": "22%",
                  "display": "flex",
                  "height": 187.5,
                  "justifyContent": "center",
                  "left": "8%",
                  "position": "absolute",
                  "width": 187.5,
                }
              }
            >
              <Text
                style={
                  Object {
                    "color": "white",
                    "fontFamily": "Raleway_700Bold",
                    "fontSize": 66.5,
                  }
                }
              >
                4
              </Text>
            </ViewManagerAdapter_ExpoLinearGradient>
            <View
              style={
                Object {
                  "bottom": "35%",
                  "left": "40%",
                  "position": "absolute",
                }
              }
            >
              <Text
                style={
                  Object {
                    "fontFamily": "Raleway_700Bold",
                    "fontSize": 40,
                  }
                }
              >
                CENT
              </Text>
              <Text
                style={
                  Object {
                    "fontFamily": "Raleway_700Bold",
                    "fontSize": 40,
                  }
                }
              >
                DIME
              </Text>
            </View>
            <View
              style={
                Array [
                  Object {
                    "borderBottomLeftRadius": 0,
                    "borderBottomRightRadius": 0,
                    "borderRadius": 187.5,
                    "borderTopRightRadius": 0,
                    "bottom": -187.5,
                    "height": 375,
                    "position": "absolute",
                    "right": -187.5,
                    "width": 375,
                  },
                  Object {
                    "backgroundColor": "#29C925",
                  },
                ]
              }
            />
            <View
              style={
                Object {
                  "bottom": "8%",
                  "display": "flex",
                  "flexDirection": "row",
                  "left": "11%",
                  "position": "absolute",
                }
              }
            >
              <Image
                source={1}
                style={
                  Object {
                    "height": 37.5,
                    "marginLeft": "3%",
                    "marginRight": "3%",
                    "width": 37.5,
                  }
                }
              />
              <Image
                source={1}
                style={
                  Object {
                    "height": 37.5,
                    "marginLeft": "3%",
                    "marginRight": "3%",
                    "width": 37.5,
                  }
                }
              />
              <Image
                source={1}
                style={
                  Object {
                    "height": 37.5,
                    "marginLeft": "3%",
                    "marginRight": "3%",
                    "width": 37.5,
                  }
                }
              />
            </View>
          </ViewManagerAdapter_ExpoLinearGradient>
        </View>
      </View>
      <View
        style={
          Array [
            undefined,
            Object {
              "opacity": 1,
              "transform": Array [
                Object {
                  "translateX": 0,
                },
                Object {
                  "scale": mockConstructor {},
                },
              ],
            },
          ]
        }
      >
        <View
          accessible={true}
          focusable={true}
          onClick={[Function]}
          onResponderGrant={[Function]}
          onResponderMove={[Function]}
          onResponderRelease={[Function]}
          onResponderTerminate={[Function]}
          onResponderTerminationRequest={[Function]}
          onStartShouldSetResponder={[Function]}
          style={
            Object {
              "opacity": 1,
            }
          }
        >
          <ViewManagerAdapter_ExpoLinearGradient
            proxiedProperties={
              Object {
                "colors": Array [
                  4294177779,
                  4293125091,
                ],
                "endPoint": undefined,
                "locations": Array [
                  0.5,
                  0.5,
                ],
                "startPoint": Array [
                  -0.1,
                  0.1,
                ],
              }
            }
            style={
              Object {
                "alignItems": "center",
                "backgroundColor": "#E3E3E3",
                "borderRadius": 5,
                "display": "flex",
                "height": 267,
                "justifyContent": "center",
                "margin": 20,
                "shadowColor": "#000",
                "shadowOffset": Object {
                  "height": 2,
                  "width": 2,
                },
                "shadowOpacity": 0.1,
                "shadowRadius": 4,
                "width": 600,
              }
            }
          >
            <ViewManagerAdapter_ExpoLinearGradient
              proxiedProperties={
                Object {
                  "colors": Array [
                    4282711882,
                    4280928549,
                  ],
                  "endPoint": undefined,
                  "locations": undefined,
                  "startPoint": Array [
                    -0.25,
                    0.25,
                  ],
                }
              }
              style={
                Object {
                  "alignItems": "center",
                  "backgroundColor": "black",
                  "borderRadius": 94,
                  "bottom": "22%",
                  "display": "flex",
                  "height": 187.5,
                  "justifyContent": "center",
                  "left": "8%",
                  "position": "absolute",
                  "width": 187.5,
                }
              }
            >
              <Text
                style={
                  Object {
                    "color": "white",
                    "fontFamily": "Raleway_700Bold",
                    "fontSize": 66.5,
                  }
                }
              >
                5
              </Text>
            </ViewManagerAdapter_ExpoLinearGradient>
            <View
              style={
                Object {
                  "bottom": "35%",
                  "left": "40%",
                  "position": "absolute",
                }
              }
            >
              <Text
                style={
                  Object {
                    "fontFamily": "Raleway_700Bold",
                    "fontSize": 40,
                  }
                }
              >
                DRY
              </Text>
              <Text
                style={
                  Object {
                    "fontFamily": "Raleway_700Bold",
                    "fontSize": 40,
                  }
                }
              >
                WET
              </Text>
            </View>
            <View
              style={
                Array [
                  Object {
                    "borderBottomLeftRadius": 0,
                    "borderBottomRightRadius": 0,
                    "borderRadius": 187.5,
                    "borderTopRightRadius": 0,
                    "bottom": -187.5,
                    "height": 375,
                    "position": "absolute",
                    "right": -187.5,
                    "width": 375,
                  },
                  Object {
                    "backgroundColor": "#29C925",
                  },
                ]
              }
            />
            <View
              style={
                Object {
                  "bottom": "8%",
                  "display": "flex",
                  "flexDirection": "row",
                  "left": "11%",
                  "position": "absolute",
                }
              }
            >
              <Image
                source={1}
                style={
                  Object {
                    "height": 37.5,
                    "marginLeft": "3%",
                    "marginRight": "3%",
                    "width": 37.5,
                  }
                }
              />
              <Image
                source={1}
                style={
                  Object {
                    "height": 37.5,
                    "marginLeft": "3%",
                    "marginRight": "3%",
                    "width": 37.5,
                  }
                }
              />
              <Image
                source={1}
                style={
                  Object {
                    "height": 37.5,
                    "marginLeft": "3%",
                    "marginRight": "3%",
                    "width": 37.5,
                  }
                }
              />
            </View>
          </ViewManagerAdapter_ExpoLinearGradient>
        </View>
      </View>
    </View>
  </RCTScrollView>
</View>
`;
