// Jest Snapshot v1, https://goo.gl/fbAQLP

exports[`<App/> matches snapshot 1`] = `
<View
  accessibilityIgnoresInvertColors={true}
  style={
    Object {
      "height": "100%",
      "width": "100%",
    }
  }
>
  <Image
    source={1}
    style={
      Array [
        Object {
          "bottom": 0,
          "left": 0,
          "position": "absolute",
          "right": 0,
          "top": 0,
        },
        Object {
          "height": "100%",
          "width": "100%",
        },
        undefined,
      ]
    }
  />
  <View
    style={
      Object {
        "height": "100%",
      }
    }
  >
    <View
      style={
        Object {
          "alignItems": "center",
          "flex": 1,
          "flexDirection": "column",
          "justifyContent": "center",
        }
      }
    >
      <View
        style={
          Object {
            "alignItems": "center",
            "flexDirection": "column",
            "marginBottom": 133.5,
            "width": 562.5,
          }
        }
      >
        <ViewManagerAdapter_ExpoLinearGradient
          proxiedProperties={
            Object {
              "colors": Array [
                4294950464,
                4282432255,
              ],
              "endPoint": undefined,
              "locations": Array [
                0.5,
                0.5,
              ],
              "startPoint": Array [
                0.025,
                0.2,
              ],
            }
          }
          style={
            Object {
              "alignItems": "center",
              "borderRadius": 10,
              "height": 283.5,
              "justifyContent": "center",
              "width": 562.5,
            }
          }
        >
          <Text
            style={
              Array [
                Object {
                  "color": "white",
                  "fontFamily": "Raleway_700Bold",
                  "fontSize": 93.5,
                  "fontStyle": "italic",
                  "height": 66.5,
                  "lineHeight": 93.5,
                },
                Object {
                  "marginRight": "10%",
                },
              ]
            }
          >
            WORD
          </Text>
          <Text
            style={
              Array [
                Object {
                  "color": "white",
                  "fontFamily": "Raleway_700Bold",
                  "fontSize": 93.5,
                  "fontStyle": "italic",
                  "height": 66.5,
                  "lineHeight": 93.5,
                },
                Object {
                  "marginLeft": "27.5%",
                },
              ]
            }
          >
            LINK
          </Text>
        </ViewManagerAdapter_ExpoLinearGradient>
        <Text
          style={
            Array [
              Object {
                "color": "black",
                "fontFamily": "Raleway_700Bold",
              },
              Object {
                "fontSize": 53.5,
              },
            ]
          }
        >
          CHALLENGE YOUR WORD LINKING SKILLS
        </Text>
      </View>
      <View
        style={
          Object {
            "marginBottom": 133.5,
          }
        }
      >
        <Text
          style={
            Object {
              "color": "black",
              "fontFamily": "Raleway_700Bold",
            }
          }
        >
          Welcome Back!
        </Text>
        <ViewManagerAdapter_ExpoLinearGradient
          proxiedProperties={
            Object {
              "colors": Array [
                4284860671,
                4282432255,
              ],
              "endPoint": undefined,
              "locations": Array [
                0.4,
                0.4,
              ],
              "startPoint": Array [
                0.2,
                0.2,
              ],
            }
          }
          style={
            Array [
              Object {
                "alignItems": "center",
                "borderRadius": 5,
                "display": "flex",
                "height": 93.5,
                "justifyContent": "center",
                "shadowColor": "#000",
                "shadowRadius": 4,
              },
              Object {
                "backgroundColor": "#40BAFF",
                "width": 450,
              },
            ]
          }
        >
          <TextInput
            allowFontScaling={true}
            data-test-id="text-input"
            editable={false}
            onChange={[Function]}
            rejectResponderTermination={true}
            selectTextOnFocus={false}
            style={
              Array [
                Object {
                  "color": "white",
                  "fontFamily": "Raleway_700Bold",
                  "fontSize": 53.5,
                  "textAlign": "center",
                },
                Object {
                  "width": 450,
                },
              ]
            }
            underlineColorAndroid="transparent"
            value="Username"
          />
        </ViewManagerAdapter_ExpoLinearGradient>
      </View>
      <View
        style={
          Object {
            "transform": Array [
              Object {
                "scale": mockConstructor {},
              },
            ],
          }
        }
      >
        <View
          accessible={true}
          focusable={true}
          onClick={[Function]}
          onResponderGrant={[Function]}
          onResponderMove={[Function]}
          onResponderRelease={[Function]}
          onResponderTerminate={[Function]}
          onResponderTerminationRequest={[Function]}
          onStartShouldSetResponder={[Function]}
          style={
            Object {
              "opacity": 1,
            }
          }
        >
          <ViewManagerAdapter_ExpoLinearGradient
            proxiedProperties={
              Object {
                "colors": Array [
                  4294956160,
                  4294950464,
                ],
                "endPoint": undefined,
                "locations": Array [
                  0.5,
                  0.5,
                ],
                "startPoint": Array [
                  -0.1,
                  0.1,
                ],
              }
            }
            style={
              Object {
                "alignItems": "center",
                "borderRadius": 5,
                "display": "flex",
                "height": 106.5,
                "justifyContent": "center",
                "shadowColor": "#000",
                "shadowOffset": Object {
                  "height": 2,
                  "width": 2,
                },
                "shadowOpacity": 0.1,
                "shadowRadius": 4,
                "width": 300,
              }
            }
          >
            <Text
              style={
                Object {
                  "color": "white",
                  "fontFamily": "Raleway_700Bold",
                  "fontSize": 33.5,
                }
              }
            >
              START
            </Text>
          </ViewManagerAdapter_ExpoLinearGradient>
        </View>
      </View>
    </View>
  </View>
</View>
`;
