// Jest Snapshot v1, https://goo.gl/fbAQLP

exports[`<Profile/> matches snapshot 1`] = `
<View
  style={
    Object {
      "flex": 1,
    }
  }
>
  <View
    style={
      Object {
        "alignItems": "center",
        "flex": 1,
        "flexDirection": "column",
        "justifyContent": "center",
        "marginBottom": 200,
      }
    }
  >
    <View
      style={
        Object {
          "marginBottom": 40,
          "width": 637.5,
        }
      }
    >
      <View
        style={
          Object {
            "marginBottom": 26.5,
          }
        }
      >
        <Text>
          Username
        </Text>
        <TextInput
          allowFontScaling={true}
          data-test-id="text-input"
          editable={true}
          onChange={[Function]}
          rejectResponderTermination={true}
          selectTextOnFocus={true}
          style={
            Array [
              Object {
                "borderRadius": 5,
                "height": 93.5,
                "shadowColor": "#000",
                "shadowRadius": 4,
                "textAlign": "center",
              },
              Object {
                "backgroundColor": "#40BAFF",
                "width": 450,
              },
            ]
          }
          underlineColorAndroid="transparent"
          value=""
        />
      </View>
      <View
        style={
          Array [
            Object {
              "marginBottom": 26.5,
            },
            Object {
              "flexDirection": "row",
            },
          ]
        }
      >
        <View
          style={
            Object {
              "marginRight": 37.5,
            }
          }
        >
          <Text>
            Points
          </Text>
          <TextInput
            allowFontScaling={true}
            data-test-id="text-input"
            editable={true}
            onChange={[Function]}
            rejectResponderTermination={true}
            selectTextOnFocus={true}
            style={
              Array [
                Object {
                  "borderRadius": 5,
                  "height": 93.5,
                  "shadowColor": "#000",
                  "shadowRadius": 4,
                  "textAlign": "center",
                },
                Object {
                  "backgroundColor": "#FFBE40",
                  "width": 206.5,
                },
              ]
            }
            underlineColorAndroid="transparent"
            value=""
          />
        </View>
        <View>
          <Text>
            Completed
          </Text>
          <TextInput
            allowFontScaling={true}
            data-test-id="text-input"
            editable={true}
            onChange={[Function]}
            rejectResponderTermination={true}
            selectTextOnFocus={true}
            style={
              Array [
                Object {
                  "borderRadius": 5,
                  "height": 93.5,
                  "shadowColor": "#000",
                  "shadowRadius": 4,
                  "textAlign": "center",
                },
                Object {
                  "backgroundColor": "#FFBE40",
                  "width": 206.5,
                },
              ]
            }
            underlineColorAndroid="transparent"
            value=""
          />
        </View>
      </View>
    </View>
    <View>
      <Text>
        Puzzles Completed
      </Text>
      <View
        style={
          Object {
            "backgroundColor": "#F3F3F3",
            "borderRadius": 5,
            "paddingHorizontal": 15,
            "paddingVertical": 13.5,
            "width": 637.5,
          }
        }
      >
        <View
          style={Object {}}
        >
          <Text>
            easy
          </Text>
          <View
            style={
              Array [
                Object {
                  "borderRadius": 5,
                  "flexDirection": "row",
                  "marginBottom": 20,
                  "minHeight": 93.5,
                  "minWidth": 600,
                  "paddingHorizontal": 15,
                  "paddingVertical": 13.5,
                },
                Object {
                  "backgroundColor": "#4DCC4B",
                },
              ]
            }
          >
            <View
              style={
                Array [
                  Object {
                    "backgroundColor": "red",
                    "borderRadius": 5,
                    "marginRight": 10,
                    "minHeight": 73.5,
                    "minWidth": 75,
                  },
                  Object {
                    "backgroundColor": "#40BAFF",
                  },
                ]
              }
            >
              <Text
                style={
                  Object {
                    "marginTop": 13.5,
                    "textAlign": "center",
                  }
                }
              >
                1
              </Text>
              <Text
                style={
                  Object {
                    "textAlign": "center",
                  }
                }
              >
                * * *
              </Text>
            </View>
            <View
              style={
                Array [
                  Object {
                    "backgroundColor": "red",
                    "borderRadius": 5,
                    "marginRight": 10,
                    "minHeight": 73.5,
                    "minWidth": 75,
                  },
                  Object {
                    "backgroundColor": "#FF9C40",
                  },
                ]
              }
            >
              <Text
                style={
                  Object {
                    "marginTop": 13.5,
                    "textAlign": "center",
                  }
                }
              >
                2
              </Text>
              <Text
                style={
                  Object {
                    "textAlign": "center",
                  }
                }
              >
                *
              </Text>
            </View>
          </View>
        </View>
        <View
          style={Object {}}
        >
          <Text>
            medium
          </Text>
          <View
            style={
              Array [
                Object {
                  "borderRadius": 5,
                  "flexDirection": "row",
                  "marginBottom": 20,
                  "minHeight": 93.5,
                  "minWidth": 600,
                  "paddingHorizontal": 15,
                  "paddingVertical": 13.5,
                },
                Object {
                  "backgroundColor": "#FFBE40",
                },
              ]
            }
          >
            <View
              style={
                Array [
                  Object {
                    "backgroundColor": "red",
                    "borderRadius": 5,
                    "marginRight": 10,
                    "minHeight": 73.5,
                    "minWidth": 75,
                  },
                  Object {
                    "backgroundColor": "#40BAFF",
                  },
                ]
              }
            >
              <Text
                style={
                  Object {
                    "marginTop": 13.5,
                    "textAlign": "center",
                  }
                }
              >
                1
              </Text>
              <Text
                style={
                  Object {
                    "textAlign": "center",
                  }
                }
              >
                * * *
              </Text>
            </View>
            <View
              style={
                Array [
                  Object {
                    "backgroundColor": "red",
                    "borderRadius": 5,
                    "marginRight": 10,
                    "minHeight": 73.5,
                    "minWidth": 75,
                  },
                  Object {
                    "backgroundColor": "#FF9C40",
                  },
                ]
              }
            >
              <Text
                style={
                  Object {
                    "marginTop": 13.5,
                    "textAlign": "center",
                  }
                }
              >
                2
              </Text>
              <Text
                style={
                  Object {
                    "textAlign": "center",
                  }
                }
              >
                *
              </Text>
            </View>
          </View>
        </View>
        <View
          style={Object {}}
        >
          <Text>
            hard
          </Text>
          <View
            style={
              Array [
                Object {
                  "borderRadius": 5,
                  "flexDirection": "row",
                  "marginBottom": 20,
                  "minHeight": 93.5,
                  "minWidth": 600,
                  "paddingHorizontal": 15,
                  "paddingVertical": 13.5,
                },
                Object {
                  "backgroundColor": "#FF5740",
                },
              ]
            }
          >
            <View
              style={
                Array [
                  Object {
                    "backgroundColor": "red",
                    "borderRadius": 5,
                    "marginRight": 10,
                    "minHeight": 73.5,
                    "minWidth": 75,
                  },
                  Object {
                    "backgroundColor": "#40BAFF",
                  },
                ]
              }
            >
              <Text
                style={
                  Object {
                    "marginTop": 13.5,
                    "textAlign": "center",
                  }
                }
              >
                1
              </Text>
              <Text
                style={
                  Object {
                    "textAlign": "center",
                  }
                }
              >
                * * *
              </Text>
            </View>
            <View
              style={
                Array [
                  Object {
                    "backgroundColor": "red",
                    "borderRadius": 5,
                    "marginRight": 10,
                    "minHeight": 73.5,
                    "minWidth": 75,
                  },
                  Object {
                    "backgroundColor": "#FF9C40",
                  },
                ]
              }
            >
              <Text
                style={
                  Object {
                    "marginTop": 13.5,
                    "textAlign": "center",
                  }
                }
              >
                2
              </Text>
              <Text
                style={
                  Object {
                    "textAlign": "center",
                  }
                }
              >
                *
              </Text>
            </View>
          </View>
        </View>
      </View>
    </View>
  </View>
  <View
    data-test-id="wrapper"
    style={
      Object {
        "alignItems": "center",
        "bottom": 106.5,
        "display": "flex",
        "justifyContent": "center",
        "position": "absolute",
        "width": "100%",
      }
    }
  >
    <ViewManagerAdapter_ExpoLinearGradient
      proxiedProperties={
        Object {
          "colors": Array [
            4294177779,
            4293125091,
          ],
          "data-test-id": "menu-bar",
          "endPoint": undefined,
          "locations": Array [
            0.5,
            0.5,
          ],
          "startPoint": Array [
            -0.1,
            0.1,
          ],
        }
      }
      style={
        Object {
          "alignItems": "center",
          "borderRadius": 5,
          "display": "flex",
          "flexDirection": "row",
          "height": 75,
          "justifyContent": "center",
          "shadowColor": "#000",
          "shadowOffset": Object {
            "height": 2,
            "width": 2,
          },
          "shadowOpacity": 0.1,
          "shadowRadius": 4,
          "width": 212,
          "zIndex": -1,
        }
      }
    >
      <View
        accessible={true}
        focusable={true}
        onClick={[Function]}
        onResponderGrant={[Function]}
        onResponderMove={[Function]}
        onResponderRelease={[Function]}
        onResponderTerminate={[Function]}
        onResponderTerminationRequest={[Function]}
        onStartShouldSetResponder={[Function]}
        style={
          Object {
            "alignItems": "center",
            "borderRadius": 5,
            "display": "flex",
            "height": 50,
            "justifyContent": "center",
            "marginLeft": 10,
            "marginRight": 10,
            "opacity": 0.1,
            "shadowColor": "#000",
            "shadowOffset": Object {
              "height": 2,
              "width": 2,
            },
            "shadowOpacity": 0.1,
            "shadowRadius": 4,
            "width": 50,
          }
        }
      >
        <Image
          source={1}
          style={
            Object {
              "height": 40,
              "width": 40,
            }
          }
        />
      </View>
      <View
        accessible={true}
        focusable={true}
        onClick={[Function]}
        onResponderGrant={[Function]}
        onResponderMove={[Function]}
        onResponderRelease={[Function]}
        onResponderTerminate={[Function]}
        onResponderTerminationRequest={[Function]}
        onStartShouldSetResponder={[Function]}
        style={
          Object {
            "alignItems": "center",
            "borderRadius": 5,
            "display": "flex",
            "height": 50,
            "justifyContent": "center",
            "marginLeft": 10,
            "marginRight": 10,
            "opacity": 0.1,
            "shadowColor": "#000",
            "shadowOffset": Object {
              "height": 2,
              "width": 2,
            },
            "shadowOpacity": 0.1,
            "shadowRadius": 4,
            "width": 50,
          }
        }
      >
        <Image
          source={1}
          style={
            Object {
              "height": 40,
              "width": 40,
            }
          }
        />
      </View>
      <View
        accessible={true}
        focusable={true}
        onClick={[Function]}
        onResponderGrant={[Function]}
        onResponderMove={[Function]}
        onResponderRelease={[Function]}
        onResponderTerminate={[Function]}
        onResponderTerminationRequest={[Function]}
        onStartShouldSetResponder={[Function]}
        style={
          Object {
            "alignItems": "center",
            "borderRadius": 5,
            "display": "flex",
            "height": 50,
            "justifyContent": "center",
            "marginLeft": 10,
            "marginRight": 10,
            "opacity": 0.1,
            "shadowColor": "#000",
            "shadowOffset": Object {
              "height": 2,
              "width": 2,
            },
            "shadowOpacity": 0.1,
            "shadowRadius": 4,
            "width": 50,
          }
        }
      >
        <Image
          source={1}
          style={
            Object {
              "height": 40,
              "width": 40,
            }
          }
        />
      </View>
      <View
        style={
          Array [
            Object {
              "borderRadius": 5,
              "height": 50,
              "position": "absolute",
              "shadowColor": "#000",
              "shadowOffset": Object {
                "height": 2,
                "width": 2,
              },
              "shadowOpacity": 0.1,
              "shadowRadius": 4,
              "width": 50,
              "zIndex": -1,
            },
            Object {
              "left": undefined,
            },
          ]
        }
      >
        <ViewManagerAdapter_ExpoLinearGradient
          proxiedProperties={
            Object {
              "colors": Array [
                4282711882,
                4280928549,
              ],
              "endPoint": undefined,
              "locations": undefined,
              "startPoint": undefined,
            }
          }
          style={
            Object {
              "borderRadius": 5,
              "height": 50,
              "position": "absolute",
              "shadowColor": "#000",
              "shadowOffset": Object {
                "height": 2,
                "width": 2,
              },
              "shadowOpacity": 0.1,
              "shadowRadius": 4,
              "width": 50,
              "zIndex": -1,
            }
          }
        />
      </View>
    </ViewManagerAdapter_ExpoLinearGradient>
  </View>
</View>
`;
