// Jest Snapshot v1, https://goo.gl/fbAQLP

exports[`<Welcome/> matches snapshot 1`] = `
<View
  style={
    Object {
      "height": "100%",
    }
  }
>
  <View
    style={
      Object {
        "flex": 1,
        "flexDirection": "column",
      }
    }
  >
    <View
      style={
        Object {
          "alignItems": "center",
          "flex": 1.5,
          "justifyContent": "center",
        }
      }
    >
      <Text
        style={
          Object {
            "fontSize": 24,
          }
        }
      >
        Welcome Back!
      </Text>
    </View>
    <View
      style={
        Object {
          "alignItems": "center",
          "flex": 1,
        }
      }
    >
      <Text
        style={
          Object {
            "fontSize": 12,
            "width": 450,
          }
        }
      >
        Username
      </Text>
      <TextInput
        allowFontScaling={true}
        data-test-id="text-input"
        editable={true}
        onChange={[Function]}
        rejectResponderTermination={true}
        selectTextOnFocus={true}
        style={
          Array [
            Object {
              "borderRadius": 5,
              "height": 93.5,
              "shadowColor": "#000",
              "shadowRadius": 4,
              "textAlign": "center",
            },
            Object {
              "backgroundColor": "#40BAFF",
              "width": 450,
            },
          ]
        }
        underlineColorAndroid="transparent"
        value=""
      />
    </View>
    <View
      style={
        Object {
          "alignItems": "center",
          "flex": 2.5,
        }
      }
    >
      <View
        style={
          Object {
            "transform": Array [
              Object {
                "scale": mockConstructor {},
              },
            ],
          }
        }
      >
        <View
          accessible={true}
          focusable={true}
          onClick={[Function]}
          onResponderGrant={[Function]}
          onResponderMove={[Function]}
          onResponderRelease={[Function]}
          onResponderTerminate={[Function]}
          onResponderTerminationRequest={[Function]}
          onStartShouldSetResponder={[Function]}
          style={
            Object {
              "opacity": 1,
            }
          }
        >
          <ViewManagerAdapter_ExpoLinearGradient
            proxiedProperties={
              Object {
                "colors": Array [
                  4294956160,
                  4294950464,
                ],
                "endPoint": undefined,
                "locations": Array [
                  0.5,
                  0.5,
                ],
                "startPoint": Array [
                  -0.1,
                  0.1,
                ],
              }
            }
            style={
              Object {
                "alignItems": "center",
                "borderRadius": 5,
                "display": "flex",
                "height": 106.5,
                "justifyContent": "center",
                "shadowColor": "#000",
                "shadowOffset": Object {
                  "height": 2,
                  "width": 2,
                },
                "shadowOpacity": 0.1,
                "shadowRadius": 4,
                "width": 300,
              }
            }
          >
            <Text
              style={
                Object {
                  "fontFamily": "Raleway_400Regular",
                  "fontSize": 26.5,
                }
              }
            >
              START
            </Text>
          </ViewManagerAdapter_ExpoLinearGradient>
        </View>
      </View>
    </View>
  </View>
  <View
    data-test-id="wrapper"
    style={
      Object {
        "alignItems": "center",
        "bottom": 106.5,
        "display": "flex",
        "justifyContent": "center",
        "position": "absolute",
        "width": "100%",
      }
    }
  >
    <View
      data-test-id="menu-bar"
      style={
        Object {
          "alignItems": "center",
          "backgroundColor": "#C8C8C8",
          "borderRadius": 5,
          "display": "flex",
          "flexDirection": "row",
          "height": 75,
          "justifyContent": "center",
          "shadowColor": "#000",
          "shadowOffset": Object {
            "height": 2,
            "width": 2,
          },
          "shadowOpacity": 0.1,
          "shadowRadius": 4,
          "width": 212,
          "zIndex": -1,
        }
      }
    >
      <View
        accessible={true}
        focusable={true}
        onClick={[Function]}
        onResponderGrant={[Function]}
        onResponderMove={[Function]}
        onResponderRelease={[Function]}
        onResponderTerminate={[Function]}
        onResponderTerminationRequest={[Function]}
        onStartShouldSetResponder={[Function]}
        style={
          Object {
            "alignItems": "center",
            "borderRadius": 5,
            "display": "flex",
            "height": 50,
            "justifyContent": "center",
            "marginLeft": 10,
            "marginRight": 10,
            "opacity": 0.1,
            "shadowColor": "#000",
            "shadowOffset": Object {
              "height": 2,
              "width": 2,
            },
            "shadowOpacity": 0.1,
            "shadowRadius": 4,
            "width": 50,
          }
        }
      >
        <Image
          source={1}
          style={
            Object {
              "height": 40,
              "width": 40,
            }
          }
        />
      </View>
      <View
        accessible={true}
        focusable={true}
        onClick={[Function]}
        onResponderGrant={[Function]}
        onResponderMove={[Function]}
        onResponderRelease={[Function]}
        onResponderTerminate={[Function]}
        onResponderTerminationRequest={[Function]}
        onStartShouldSetResponder={[Function]}
        style={
          Object {
            "alignItems": "center",
            "borderRadius": 5,
            "display": "flex",
            "height": 50,
            "justifyContent": "center",
            "marginLeft": 10,
            "marginRight": 10,
            "opacity": 0.1,
            "shadowColor": "#000",
            "shadowOffset": Object {
              "height": 2,
              "width": 2,
            },
            "shadowOpacity": 0.1,
            "shadowRadius": 4,
            "width": 50,
          }
        }
      >
        <Image
          source={1}
          style={
            Object {
              "height": 40,
              "width": 40,
            }
          }
        />
      </View>
      <View
        accessible={true}
        focusable={true}
        onClick={[Function]}
        onResponderGrant={[Function]}
        onResponderMove={[Function]}
        onResponderRelease={[Function]}
        onResponderTerminate={[Function]}
        onResponderTerminationRequest={[Function]}
        onStartShouldSetResponder={[Function]}
        style={
          Object {
            "alignItems": "center",
            "borderRadius": 5,
            "display": "flex",
            "height": 50,
            "justifyContent": "center",
            "marginLeft": 10,
            "marginRight": 10,
            "opacity": 0.1,
            "shadowColor": "#000",
            "shadowOffset": Object {
              "height": 2,
              "width": 2,
            },
            "shadowOpacity": 0.1,
            "shadowRadius": 4,
            "width": 50,
          }
        }
      >
        <Image
          source={1}
          style={
            Object {
              "height": 40,
              "width": 40,
            }
          }
        />
      </View>
      <View
        style={
          Array [
            Object {
              "backgroundColor": "#F3F3F3",
              "borderRadius": 5,
              "height": 50,
              "position": "absolute",
              "shadowColor": "#000",
              "shadowOffset": Object {
                "height": 2,
                "width": 2,
              },
              "shadowOpacity": 0.1,
              "shadowRadius": 4,
              "width": 50,
              "zIndex": -1,
            },
            Object {
              "left": undefined,
            },
          ]
        }
      />
    </View>
  </View>
</View>
`;
