// Jest Snapshot v1, https://goo.gl/fbAQLP

exports[`<Profile /> matches snapshot 1`] = `
<View
  style={
    Object {
      "flex": 1,
    }
  }
>
  <View
    style={
      Object {
        "alignItems": "center",
        "flex": 1,
        "flexDirection": "column",
        "justifyContent": "center",
        "marginBottom": 200,
      }
    }
  >
    <ViewManagerAdapter_ExpoLinearGradient
      proxiedProperties={
        Object {
          "colors": Array [
            4294950464,
            4282432255,
          ],
          "endPoint": undefined,
          "locations": Array [
            0.5,
            0.5,
          ],
          "startPoint": Array [
            0.025,
            0.2,
          ],
        }
      }
      style={
        Object {
          "alignItems": "center",
          "borderRadius": 5,
          "flexDirection": "row",
          "height": 267,
          "marginBottom": 60,
          "width": 562.5,
        }
      }
    >
      <Image
        source={1}
        style={
          Object {
            "height": 124,
            "marginLeft": 26,
            "width": 124,
          }
        }
      />
      <View
        style={
          Object {
            "flexDirection": "column",
            "justifyContent": "center",
            "marginLeft": 10,
          }
        }
      >
        <Text
          style={
            Object {
              "fontSize": 20,
              "fontWeight": "bold",
            }
          }
        >
          jeff
        </Text>
        <Text
          style={
            Object {
              "fontSize": 18,
            }
          }
        >
          Level undefined
        </Text>
      </View>
    </ViewManagerAdapter_ExpoLinearGradient>
    <View
      style={
        Object {
          "flexDirection": "row",
          "flexWrap": "wrap",
          "justifyContent": "space-around",
          "marginBottom": 40,
          "width": 525,
        }
      }
    >
      <View
        style={
          Object {
            "marginBottom": 16,
          }
        }
      >
        <Text>
          Completed Levels
        </Text>
        <ViewManagerAdapter_ExpoLinearGradient
          proxiedProperties={
            Object {
              "colors": Array [
                4284860671,
                4282432255,
              ],
              "endPoint": undefined,
              "locations": Array [
                0.5,
                0.5,
              ],
              "startPoint": Array [
                0,
                0.5,
              ],
            }
          }
          style={
            Array [
              Object {
                "alignItems": "center",
                "borderRadius": 5,
                "display": "flex",
                "height": 93.5,
                "justifyContent": "center",
                "shadowColor": "#000",
                "shadowRadius": 4,
              },
              Object {
                "backgroundColor": "#40BAFF",
                "width": 206.5,
              },
            ]
          }
        >
          <TextInput
            allowFontScaling={true}
            data-test-id="text-input"
            editable={false}
            rejectResponderTermination={true}
            selectTextOnFocus={false}
            style={
              Array [
                Object {
                  "color": "white",
                  "fontFamily": "Raleway_700Bold",
                  "fontSize": 53.5,
                  "textAlign": "center",
                },
                Object {
                  "width": 206.5,
                },
              ]
            }
            underlineColorAndroid="transparent"
            value="2"
          />
        </ViewManagerAdapter_ExpoLinearGradient>
      </View>
      <View
        style={
          Object {
            "marginBottom": 16,
          }
        }
      >
        <Text>
          Stars Earnt
        </Text>
        <ViewManagerAdapter_ExpoLinearGradient
          proxiedProperties={
            Object {
              "colors": Array [
                4284860671,
                4282432255,
              ],
              "endPoint": undefined,
              "locations": Array [
                0.5,
                0.5,
              ],
              "startPoint": Array [
                0,
                0.5,
              ],
            }
          }
          style={
            Array [
              Object {
                "alignItems": "center",
                "borderRadius": 5,
                "display": "flex",
                "height": 93.5,
                "justifyContent": "center",
                "shadowColor": "#000",
                "shadowRadius": 4,
              },
              Object {
                "backgroundColor": "#40BAFF",
                "width": 206.5,
              },
            ]
          }
        >
          <TextInput
            allowFontScaling={true}
            data-test-id="text-input"
            editable={false}
            rejectResponderTermination={true}
            selectTextOnFocus={false}
            style={
              Array [
                Object {
                  "color": "white",
                  "fontFamily": "Raleway_700Bold",
                  "fontSize": 53.5,
                  "textAlign": "center",
                },
                Object {
                  "width": 206.5,
                },
              ]
            }
            underlineColorAndroid="transparent"
            value="69"
          />
        </ViewManagerAdapter_ExpoLinearGradient>
      </View>
      <View
        style={
          Object {
            "marginBottom": 16,
          }
        }
      >
        <Text>
          Hints used
        </Text>
        <ViewManagerAdapter_ExpoLinearGradient
          proxiedProperties={
            Object {
              "colors": Array [
                4284860671,
                4282432255,
              ],
              "endPoint": undefined,
              "locations": Array [
                0.5,
                0.5,
              ],
              "startPoint": Array [
                0,
                0.5,
              ],
            }
          }
          style={
            Array [
              Object {
                "alignItems": "center",
                "borderRadius": 5,
                "display": "flex",
                "height": 93.5,
                "justifyContent": "center",
                "shadowColor": "#000",
                "shadowRadius": 4,
              },
              Object {
                "backgroundColor": "#40BAFF",
                "width": 206.5,
              },
            ]
          }
        >
          <TextInput
            allowFontScaling={true}
            data-test-id="text-input"
            editable={false}
            rejectResponderTermination={true}
            selectTextOnFocus={false}
            style={
              Array [
                Object {
                  "color": "white",
                  "fontFamily": "Raleway_700Bold",
                  "fontSize": 53.5,
                  "textAlign": "center",
                },
                Object {
                  "width": 206.5,
                },
              ]
            }
            underlineColorAndroid="transparent"
            value="6"
          />
        </ViewManagerAdapter_ExpoLinearGradient>
      </View>
      <View
        style={
          Object {
            "marginBottom": 16,
          }
        }
      >
        <Text>
          Hardest Difficulty
        </Text>
        <ViewManagerAdapter_ExpoLinearGradient
          proxiedProperties={
            Object {
              "colors": Array [
                4284860671,
                4282432255,
              ],
              "endPoint": undefined,
              "locations": Array [
                0.5,
                0.5,
              ],
              "startPoint": Array [
                0,
                0.5,
              ],
            }
          }
          style={
            Array [
              Object {
                "alignItems": "center",
                "borderRadius": 5,
                "display": "flex",
                "height": 93.5,
                "justifyContent": "center",
                "shadowColor": "#000",
                "shadowRadius": 4,
              },
              Object {
                "backgroundColor": "#40BAFF",
                "width": 206.5,
              },
            ]
          }
        >
          <TextInput
            allowFontScaling={true}
            data-test-id="text-input"
            editable={false}
            rejectResponderTermination={true}
            selectTextOnFocus={false}
            style={
              Array [
                Object {
                  "color": "white",
                  "fontFamily": "Raleway_700Bold",
                  "fontSize": 53.5,
                  "textAlign": "center",
                },
                Object {
                  "width": 206.5,
                },
              ]
            }
            underlineColorAndroid="transparent"
            value="Medium"
          />
        </ViewManagerAdapter_ExpoLinearGradient>
      </View>
    </View>
  </View>
  <View
    data-test-id="wrapper"
    style={
      Object {
        "alignItems": "center",
        "bottom": 106.5,
        "display": "flex",
        "justifyContent": "center",
        "position": "absolute",
        "width": "100%",
      }
    }
  >
    <ViewManagerAdapter_ExpoLinearGradient
      proxiedProperties={
        Object {
          "colors": Array [
            4294177779,
            4293125091,
          ],
          "data-test-id": "menu-bar",
          "endPoint": undefined,
          "locations": Array [
            0.5,
            0.5,
          ],
          "startPoint": Array [
            -0.1,
            0.1,
          ],
        }
      }
      style={
        Object {
          "alignItems": "center",
          "borderRadius": 5,
          "display": "flex",
          "flexDirection": "row",
          "height": 75,
          "justifyContent": "center",
          "shadowColor": "#000",
          "shadowOffset": Object {
            "height": 2,
            "width": 2,
          },
          "shadowOpacity": 0.1,
          "shadowRadius": 4,
          "width": 212,
          "zIndex": -1,
        }
      }
    >
      <View
        accessible={true}
        focusable={true}
        onClick={[Function]}
        onResponderGrant={[Function]}
        onResponderMove={[Function]}
        onResponderRelease={[Function]}
        onResponderTerminate={[Function]}
        onResponderTerminationRequest={[Function]}
        onStartShouldSetResponder={[Function]}
        style={
          Object {
            "alignItems": "center",
            "borderRadius": 5,
            "display": "flex",
            "height": 50,
            "justifyContent": "center",
            "marginLeft": 10,
            "marginRight": 10,
            "opacity": 0.5,
            "shadowColor": "#000",
            "shadowOffset": Object {
              "height": 2,
              "width": 2,
            },
            "shadowOpacity": 0.1,
            "shadowRadius": 4,
            "width": 50,
          }
        }
      >
        <Image
          source={1}
          style={
            Object {
              "height": 40,
              "width": 40,
            }
          }
        />
      </View>
      <View
        accessible={true}
        focusable={true}
        onClick={[Function]}
        onResponderGrant={[Function]}
        onResponderMove={[Function]}
        onResponderRelease={[Function]}
        onResponderTerminate={[Function]}
        onResponderTerminationRequest={[Function]}
        onStartShouldSetResponder={[Function]}
        style={
          Object {
            "alignItems": "center",
            "borderRadius": 5,
            "display": "flex",
            "height": 50,
            "justifyContent": "center",
            "marginLeft": 10,
            "marginRight": 10,
            "opacity": 0.5,
            "shadowColor": "#000",
            "shadowOffset": Object {
              "height": 2,
              "width": 2,
            },
            "shadowOpacity": 0.1,
            "shadowRadius": 4,
            "width": 50,
          }
        }
      >
        <Image
          source={1}
          style={
            Object {
              "height": 40,
              "width": 40,
            }
          }
        />
      </View>
      <View
        accessible={true}
        focusable={true}
        onClick={[Function]}
        onResponderGrant={[Function]}
        onResponderMove={[Function]}
        onResponderRelease={[Function]}
        onResponderTerminate={[Function]}
        onResponderTerminationRequest={[Function]}
        onStartShouldSetResponder={[Function]}
        style={
          Object {
            "alignItems": "center",
            "borderRadius": 5,
            "display": "flex",
            "height": 50,
            "justifyContent": "center",
            "marginLeft": 10,
            "marginRight": 10,
            "opacity": 0.5,
            "shadowColor": "#000",
            "shadowOffset": Object {
              "height": 2,
              "width": 2,
            },
            "shadowOpacity": 0.1,
            "shadowRadius": 4,
            "width": 50,
          }
        }
      >
        <Image
          source={1}
          style={
            Object {
              "height": 40,
              "width": 40,
            }
          }
        />
      </View>
      <View
        style={
          Array [
            Object {
              "borderRadius": 5,
              "height": 50,
              "position": "absolute",
              "shadowColor": "#000",
              "shadowOffset": Object {
                "height": 2,
                "width": 2,
              },
              "shadowOpacity": 0.1,
              "shadowRadius": 4,
              "width": 50,
              "zIndex": -1,
            },
            Object {
              "left": undefined,
            },
          ]
        }
      >
        <ViewManagerAdapter_ExpoLinearGradient
          proxiedProperties={
            Object {
              "colors": Array [
                4282711882,
                4280928549,
              ],
              "endPoint": undefined,
              "locations": undefined,
              "startPoint": undefined,
            }
          }
          style={
            Object {
              "borderRadius": 5,
              "height": 50,
              "position": "absolute",
              "shadowColor": "#000",
              "shadowOffset": Object {
                "height": 2,
                "width": 2,
              },
              "shadowOpacity": 0.1,
              "shadowRadius": 4,
              "width": 50,
              "zIndex": -1,
            }
          }
        />
      </View>
    </ViewManagerAdapter_ExpoLinearGradient>
  </View>
</View>
`;
