// Jest Snapshot v1, https://goo.gl/fbAQLP

exports[`<InputField /> matches snapshot 1`] = `
<TextInput
  allowFontScaling={true}
  data-test-id="text-input"
  editable={true}
  onChange={[Function]}
  rejectResponderTermination={true}
  selectTextOnFocus={true}
  style={
    Array [
      Object {
        "borderRadius": 5,
        "height": 93.5,
        "shadowColor": "#000",
        "shadowRadius": 4,
        "textAlign": "center",
      },
      Object {
        "backgroundColor": "#FF9C40",
        "width": 450,
      },
    ]
  }
  underlineColorAndroid="transparent"
  value=""
/>
`;
